sarnc.exe : sluac: mode = strict
At C:\Users\rajeev\slua-compiler\sarn.ps1:79 char:5
+     & "$env:SARN_ROOT\build\compiler\Release\sarnc.exe" $abs -o $ll
+     ~~~~~~~~~~~~~~~~~~~~~~~~~~~~~~~~~~~~~~~~~~~~~~~~~~~~~~~~~~~~~~~
    + CategoryInfo          : NotSpecified: (sluac: mode = strict:String) [], Re 
   moteException
    + FullyQualifiedErrorId : NativeCommandError
 
sluac: creating emitter
DBG: calling emit
sluac: writing ll
sluac: wrote IR to C:\Users\rajeev\slua-compiler\bin\installer.ll
INFO: Initializing raylib 5.5
INFO: Platform backend: DESKTOP (GLFW)
INFO: Supported raylib modules:
INFO:     > rcore:..... loaded (mandatory)
INFO:     > rlgl:...... loaded (mandatory)
INFO:     > rshapes:... loaded (optional)
INFO:     > rtextures:. loaded (optional)
INFO:     > rtext:..... loaded (optional)
INFO:     > rmodels:... loaded (optional)
INFO:     > raudio:.... loaded (optional)
INFO: DISPLAY: Trying to enable MSAA x4
INFO: DISPLAY: Device initialized successfully
INFO:     > Display size: 1366 x 768
INFO:     > Screen size:  640 x 488
INFO:     > Render size:  640 x 488
INFO:     > Viewport offsets: 0, 0
INFO: GLAD: OpenGL extensions loaded successfully
INFO: GL: Supported extensions count: 243
INFO: GL: OpenGL device information:
INFO:     > Vendor:   Intel
INFO:     > Renderer: Intel(R) HD Graphics 620
INFO:     > Version:  3.3.0 - Build 31.0.101.2140
INFO:     > GLSL:     3.30 - Build 31.0.101.2140
INFO: GL: VAO extension detected, VAO functions loaded successfully
INFO: GL: NPOT textures extension detected, full NPOT textures supported
INFO: GL: DXT compressed textures supported
INFO: GL: ETC2/EAC compressed textures supported
INFO: GL: ASTC compressed textures supported
INFO: PLATFORM: DESKTOP (GLFW - Win32): Initialized successfully
INFO: TEXTURE: [ID 1] Texture loaded successfully (1x1 | R8G8B8A8 | 1 mipmaps)
INFO: TEXTURE: [ID 1] Default texture loaded successfully
INFO: SHADER: [ID 1] Vertex shader compiled successfully
INFO: SHADER: [ID 2] Fragment shader compiled successfully
INFO: SHADER: [ID 3] Program shader loaded successfully
INFO: SHADER: [ID 3] Default shader loaded successfully
INFO: RLGL: Render batch vertex buffers loaded successfully in RAM (CPU)
INFO: RLGL: Render batch vertex buffers loaded successfully in VRAM (GPU)
INFO: RLGL: Default OpenGL state initialized successfully
INFO: TEXTURE: [ID 2] Texture loaded successfully (128x128 | GRAY_ALPHA | 1 mipmaps)
INFO: FONT: Default font loaded successfully (224 glyphs)
INFO: SYSTEM: Working Directory: C:\Users\rajeev\slua-compiler
INFO: TIMER: Target time per frame: 33.333 milliseconds
INFO: FILEIO: [C:/Windows/Fonts/segoeui.ttf] File loaded successfully
INFO: TEXTURE: [ID 3] Texture loaded successfully (256x256 | GRAY_ALPHA | 1 mipmaps)
INFO: FONT: Data loaded successfully (20 pixel size | 95 glyphs)
INFO: TEXTURE: [ID 2] Unloaded texture data from VRAM (GPU)
INFO: SHADER: [ID 3] Default shader unloaded successfully
INFO: TEXTURE: [ID 1] Default texture unloaded successfully
INFO: Window closed successfully
INFO: TEXTURE: [ID 3] Unloaded texture data from VRAM (GPU)
